// Jest Snapshot v1, https://goo.gl/fbAQLP

exports[`BranchName renders consistently 1`] = `
.c0 {
  display: inline-block;
  padding: 2px 6px;
  font-size: 12px;
  font-family: SFMono-Regular,Consolas,"Liberation Mono",Menlo,Courier,monospace;
  color: #0969da;
  background-color: #ddf4ff;
  border-radius: 6px;
  -webkit-text-decoration: none;
  text-decoration: none;
}

<a
  className="c0"
/>
`;
