// Jest Snapshot v1, https://goo.gl/fbAQLP

exports[`ActionList renders consistently 1`] = `
.c0 {
  font-size: 14px;
  padding-top: 8px;
  padding-bottom: 8px;
}

<div
  className="c0"
>
  <div />
</div>
`;
