// Jest Snapshot v1, https://goo.gl/fbAQLP

exports[`BranchName renders consistently 1`] = `
.c0 {
  display: inline-block;
  padding: 2px 6px;
  font-size: 12px;
  font-family: SFMono-Regular,Consolas,"Liberation Mono",Menlo,Courier,monospace;
  color: #586069;
  background-color: hsla(210,100%,96%,1);
  border-radius: 6px;
}

<a
  className="c0"
/>
`;
