// Jest Snapshot v1, https://goo.gl/fbAQLP

exports[`Button respects the "disabled" prop 1`] = `
.c0 {
  position: relative;
  display: inline-block;
  padding: 6px 12px;
  color: #24292e;
  background-color: #f6f8fa;
  background-image: linear-gradient(-180deg,#fafbfc 0%,rgb(239,243,246) 90%);
  font-size: 14px;
  font-weight: 600;
  line-height: 20px;
  white-space: nowrap;
  vertical-align: middle;
  cursor: pointer;
  -webkit-user-select: none;
  -moz-user-select: none;
  -ms-user-select: none;
  user-select: none;
  background-repeat: repeat-x;
  background-position: -1px -1px;
  background-size: 110% 110%;
  border: 1px solid rgba(27,31,35,0.2);
  border-radius: 0.25em;
  -webkit-appearance: none;
  -moz-appearance: none;
  appearance: none;
  -webkit-text-decoration: none;
  text-decoration: none;
  color: rgba(36,41,46,0.4) !important;
  background-color: #f6f8fa !important;
  background-image: none !important;
  border-color: rgba(27,31,35,0.20) !important;
  box-shadow: none !important;
  cursor: default;
  font-size: 14px;
}

.c0:hover {
  background-color: rgb(230,235,241);
  background-image: linear-gradient(-180deg,rgb(239,243,246) 0%,rgb(230,235,241) 90%);
  background-position: -0.5em center;
  border-color: rgba(27,31,35,0.35);
  -webkit-text-decoration: none;
  text-decoration: none;
  background-repeat: repeat-x;
}

.c0:active {
  background-color: rgb(233,236,239);
  background-image: none;
  box-shadow: rgba(27,31,35,0.15) 0px 0.15em 0.3em inset;
  border-color: rgba(27,31,35,0.2);
}

.c0:focus {
  outline: none;
  box-shadow: rgba(3,102,214,0.3) 0px 0px 0px 0.2em;
}

.c0.grouped {
  position: relative;
  border-right-width: 0;
  border-radius: 0;
}

.c0.grouped:first-child {
  border-top-left-radius: 3px;
  border-bottom-left-radius: 3px;
}

.c0.grouped:last-child {
  border-right-width: 1px;
  border-top-right-radius: 3px;
  border-bottom-right-radius: 3px;
}

.c0.grouped:focus,
.c0.grouped:active,
.c0.grouped:hover {
  border-right-width: 1px;
}

.c0.grouped:focus + .grouped,
.c0.grouped:active + .grouped,
.c0.grouped:hover + .grouped {
  border-left-width: 0;
}

.c0:focus,
.c0:active {
  z-index: 1;
}

<button
  className="c0"
  disabled={true}
/>
`;
