// Jest Snapshot v1, https://goo.gl/fbAQLP

exports[`CircleOcticon renders consistently 1`] = `
.c0 {
  overflow: hidden;
  width: 32px;
  height: 32px;
  border-width: 0;
  border-radius: 50%;
  border-style: solid;
  border-color: #e1e4e8;
}

.c1 {
  display: -webkit-box;
  display: -webkit-flex;
  display: -ms-flexbox;
  display: flex;
  -webkit-align-items: center;
  -webkit-box-align: center;
  -ms-flex-align: center;
  align-items: center;
  -webkit-box-pack: center;
  -webkit-justify-content: center;
  -ms-flex-pack: center;
  justify-content: center;
  display: -webkit-box;
  display: -webkit-flex;
  display: -ms-flexbox;
  display: flex;
  width: 32px;
  height: 32px;
}

<div
  className="c0"
  overflow="hidden"
  size={32}
>
  <div
    className="c1"
    display="flex"
    size={32}
  >
    <svg
      aria-hidden="true"
      className="octicon"
      height={32}
      role="img"
      style={
        Object {
          "display": "inline-block",
          "fill": "currentColor",
          "userSelect": "none",
          "verticalAlign": "text-bottom",
        }
      }
      viewBox="0 0 12 16"
      width={24}
    >
      <path
        d="M12 5l-8 8-4-4 1.5-1.5L4 10l6.5-6.5L12 5z"
        fillRule="evenodd"
      />
    </svg>
  </div>
</div>
`;
