// Jest Snapshot v1, https://goo.gl/fbAQLP

exports[`Link applies button styles when rendering a button element 1`] = `
.c0 {
  color: #0969da;
  -webkit-text-decoration: none;
  text-decoration: none;
}

.c0:hover {
  -webkit-text-decoration: underline;
  text-decoration: underline;
}

.c0:is(button) {
  display: inline-block;
  padding: 0;
  font-size: inherit;
  white-space: nowrap;
  cursor: pointer;
  -webkit-user-select: none;
  -moz-user-select: none;
  -ms-user-select: none;
  user-select: none;
  background-color: transparent;
  border: 0;
  -webkit-appearance: none;
  -moz-appearance: none;
  appearance: none;
}

<button
  className="c0"
/>
`;

exports[`Link passes href down to link element 1`] = `
.c0 {
  color: #0969da;
  -webkit-text-decoration: none;
  text-decoration: none;
}

.c0:hover {
  -webkit-text-decoration: underline;
  text-decoration: underline;
}

.c0:is(button) {
  display: inline-block;
  padding: 0;
  font-size: inherit;
  white-space: nowrap;
  cursor: pointer;
  -webkit-user-select: none;
  -moz-user-select: none;
  -ms-user-select: none;
  user-select: none;
  background-color: transparent;
  border: 0;
  -webkit-appearance: none;
  -moz-appearance: none;
  appearance: none;
}

<a
  className="c0"
  href="https://github.com"
/>
`;

exports[`Link renders consistently 1`] = `
.c0 {
  color: #0969da;
  -webkit-text-decoration: none;
  text-decoration: none;
}

.c0:hover {
  -webkit-text-decoration: underline;
  text-decoration: underline;
}

.c0:is(button) {
  display: inline-block;
  padding: 0;
  font-size: inherit;
  white-space: nowrap;
  cursor: pointer;
  -webkit-user-select: none;
  -moz-user-select: none;
  -ms-user-select: none;
  user-select: none;
  background-color: transparent;
  border: 0;
  -webkit-appearance: none;
  -moz-appearance: none;
  appearance: none;
}

<a
  className="c0"
/>
`;

exports[`Link respectes the  "sx" prop when "muted" prop is also passed 1`] = `
.c0 {
  color: #57606a;
  -webkit-text-decoration: none;
  text-decoration: none;
  color: #ffffff;
}

.c0:hover {
  -webkit-text-decoration: none;
  text-decoration: none;
  color: #0969da;
}

.c0:is(button) {
  display: inline-block;
  padding: 0;
  font-size: inherit;
  white-space: nowrap;
  cursor: pointer;
  -webkit-user-select: none;
  -moz-user-select: none;
  -ms-user-select: none;
  user-select: none;
  background-color: transparent;
  border: 0;
  -webkit-appearance: none;
  -moz-appearance: none;
  appearance: none;
}

<a
  className="c0"
  muted={true}
/>
`;

exports[`Link respectes the "muted" prop 1`] = `
.c0 {
  color: #57606a;
  -webkit-text-decoration: none;
  text-decoration: none;
}

.c0:hover {
  -webkit-text-decoration: none;
  text-decoration: none;
  color: #0969da;
}

.c0:is(button) {
  display: inline-block;
  padding: 0;
  font-size: inherit;
  white-space: nowrap;
  cursor: pointer;
  -webkit-user-select: none;
  -moz-user-select: none;
  -ms-user-select: none;
  user-select: none;
  background-color: transparent;
  border: 0;
  -webkit-appearance: none;
  -moz-appearance: none;
  appearance: none;
}

<a
  className="c0"
  muted={true}
/>
`;

exports[`Link respects hoverColor prop 1`] = `
.c0 {
  color: #0969da;
  -webkit-text-decoration: none;
  text-decoration: none;
}

.c0:hover {
  -webkit-text-decoration: underline;
  text-decoration: underline;
  color: #0969da;
}

.c0:is(button) {
  display: inline-block;
  padding: 0;
  font-size: inherit;
  white-space: nowrap;
  cursor: pointer;
  -webkit-user-select: none;
  -moz-user-select: none;
  -ms-user-select: none;
  user-select: none;
  background-color: transparent;
  border: 0;
  -webkit-appearance: none;
  -moz-appearance: none;
  appearance: none;
}

<a
  className="c0"
/>
`;
