// Jest Snapshot v1, https://goo.gl/fbAQLP

exports[`Textarea renders consistently 1`] = `
.c0 {
  font-size: 14px;
  line-height: 20px;
  color: #1F2328;
  vertical-align: middle;
  background-color: #ffffff;
  border: 1px solid var(--control-borderColor-rest,#d0d7de);
  border-radius: 6px;
  outline: none;
  box-shadow: inset 0 1px 0 rgba(208,215,222,0.2);
  display: -webkit-inline-box;
  display: -webkit-inline-flex;
  display: -ms-inline-flexbox;
  display: inline-flex;
  -webkit-align-items: stretch;
  -webkit-box-align: stretch;
  -ms-flex-align: stretch;
  align-items: stretch;
  min-height: 32px;
  overflow: hidden;
}

.c0 input,
.c0 textarea {
  cursor: text;
}

.c0 select {
  cursor: pointer;
}

.c0::-webkit-input-placeholder {
  color: #6e7781;
}

.c0::-moz-placeholder {
  color: #6e7781;
}

.c0:-ms-input-placeholder {
  color: #6e7781;
}

.c0::placeholder {
  color: #6e7781;
}

.c0:focus-within {
  border-color: #0969da;
  outline: 2px solid #0969da;
  outline-offset: -1px;
}

.c0 > textarea {
  padding: 12px;
}

.c1 {
  border: 0;
  font-size: inherit;
  font-family: inherit;
  background-color: transparent;
  -webkit-appearance: none;
  color: inherit;
  width: 100%;
  resize: both;
  resize: both;
}

.c1:focus {
  outline: 0;
}

@media (min-width:768px) {
  .c0 {
    font-size: 14px;
  }
}

<span
  className="c0"
>
  <textarea
    aria-invalid="false"
    aria-required="false"
    className="c1"
    cols={30}
    rows={7}
  />
</span>
`;
