// Jest Snapshot v1, https://goo.gl/fbAQLP

exports[`has default theme 1`] = `
.c0 {
  color: #24292f;
  margin-bottom: 4px;
}

<span
  class="c0"
  color="fg.default"
>
  Hello
</span>
`;
