// Jest Snapshot v1, https://goo.gl/fbAQLP

exports[`Tooltip renders consistently 1`] = `
.c0 {
  position: relative;
}

.c0::before {
  position: absolute;
  z-index: 1000001;
  display: none;
  width: 0px;
  height: 0px;
  color: #1b1f23;
  pointer-events: none;
  content: '';
  border: 6px solid transparent;
  opacity: 0;
}

.c0::after {
  position: absolute;
  z-index: 1000000;
  display: none;
  padding: 0.5em 0.75em;
  font: normal normal 11px/1.5 -apple-system,BlinkMacSystemFont,"Segoe UI",Helvetica,Arial,sans-serif,"Apple Color Emoji","Segoe UI Emoji";
  -webkit-font-smoothing: subpixel-antialiased;
  color: #fff;
  text-align: center;
  -webkit-text-decoration: none;
  text-decoration: none;
  text-shadow: none;
  text-transform: none;
  -webkit-letter-spacing: normal;
  -moz-letter-spacing: normal;
  -ms-letter-spacing: normal;
  letter-spacing: normal;
  word-wrap: break-word;
  white-space: pre;
  pointer-events: none;
  content: attr(aria-label);
  background: #1b1f23;
  border-radius: 3px;
  opacity: 0;
}

.c0:hover::before,
.c0:active::before,
.c0:focus::before,
.c0:hover::after,
.c0:active::after,
.c0:focus::after {
  display: inline-block;
  -webkit-text-decoration: none;
  text-decoration: none;
  -webkit-animation-name: tooltip-appear;
  animation-name: tooltip-appear;
  -webkit-animation-duration: 0.1s;
  animation-duration: 0.1s;
  -webkit-animation-fill-mode: forwards;
  animation-fill-mode: forwards;
  -webkit-animation-timing-function: ease-in;
  animation-timing-function: ease-in;
  -webkit-animation-delay: 0.4s;
  animation-delay: 0.4s;
}

.c0.tooltipped-no-delay:hover::before,
.c0.tooltipped-no-delay:active::before,
.c0.tooltipped-no-delay:focus::before,
.c0.tooltipped-no-delay:hover::after,
.c0.tooltipped-no-delay:active::after,
.c0.tooltipped-no-delay:focus::after {
  -webkit-animation-delay: 0s;
  animation-delay: 0s;
}

.c0.tooltipped-multiline:hover::after,
.c0.tooltipped-multiline:active::after,
.c0.tooltipped-multiline:focus::after {
  display: table-cell;
}

.c0.tooltipped-s::after,
.c0.tooltipped-se::after,
.c0.tooltipped-sw::after {
  top: 100%;
  right: 50%;
  margin-top: 6px;
}

.c0.tooltipped-s::before,
.c0.tooltipped-se::before,
.c0.tooltipped-sw::before {
  top: auto;
  right: 50%;
  bottom: -7px;
  margin-right: -6px;
  border-bottom-color: #1b1f23;
}

.c0.tooltipped-se::after {
  right: auto;
  left: 50%;
  margin-left: -16px;
}

.c0.tooltipped-sw::after {
  margin-right: -16px;
}

.c0.tooltipped-n::after,
.c0.tooltipped-ne::after,
.c0.tooltipped-nw::after {
  right: 50%;
  bottom: 100%;
  margin-bottom: 6px;
}

.c0.tooltipped-n::before,
.c0.tooltipped-ne::before,
.c0.tooltipped-nw::before {
  top: -7px;
  right: 50%;
  bottom: auto;
  margin-right: -6px;
  border-top-color: #1b1f23;
}

.c0.tooltipped-ne::after {
  right: auto;
  left: 50%;
  margin-left: -16px;
}

.c0.tooltipped-nw::after {
  margin-right: -16px;
}

.c0.tooltipped-s::after,
.c0.tooltipped-n::after {
  -webkit-transform: translateX(50%);
  -ms-transform: translateX(50%);
  transform: translateX(50%);
}

.c0.tooltipped-w::after {
  right: 100%;
  bottom: 50%;
  margin-right: 6px;
  -webkit-transform: translateY(50%);
  -ms-transform: translateY(50%);
  transform: translateY(50%);
}

.c0.tooltipped-w::before {
  top: 50%;
  bottom: 50%;
  left: -7px;
  margin-top: -6px;
  border-left-color: #1b1f23;
}

.c0.tooltipped-e::after {
  bottom: 50%;
  left: 100%;
  margin-left: 6px;
  -webkit-transform: translateY(50%);
  -ms-transform: translateY(50%);
  transform: translateY(50%);
}

.c0.tooltipped-e::before {
  top: 50%;
  right: -7px;
  bottom: 50%;
  margin-top: -6px;
  border-right-color: #1b1f23;
}

.c0.tooltipped-multiline::after {
  width: -webkit-max-content;
  width: -moz-max-content;
  width: max-content;
  max-width: 250px;
  word-wrap: break-word;
  white-space: pre-line;
  border-collapse: separate;
}

.c0.tooltipped-multiline.tooltipped-s::after,
.c0.tooltipped-multiline.tooltipped-n::after {
  right: auto;
  left: 50%;
  -webkit-transform: translateX(-50%);
  -ms-transform: translateX(-50%);
  transform: translateX(-50%);
}

.c0.tooltipped-multiline.tooltipped-w::after,
.c0.tooltipped-multiline.tooltipped-e::after {
  right: 100%;
}

.c0.tooltipped-align-right-2::after {
  right: 0;
  margin-right: 0;
}

.c0.tooltipped-align-right-2::before {
  right: 15px;
}

.c0.tooltipped-align-left-2::after {
  left: 0;
  margin-left: 0;
}

.c0.tooltipped-align-left-2::before {
  left: 10px;
}

<span
  className="c0 tooltipped-n"
  theme={
    Object {
      "borderWidths": Array [
        0,
        "1px",
      ],
      "breakpoints": Array [
        "544px",
        "768px",
        "1012px",
        "1280px",
      ],
      "buttons": Object {
        "danger": Object {
          "bg": Object {
            "active": "#be222e",
            "default": "#fafbfc",
            "disabled": "#F3F4F6",
            "hover": "#cb2431",
          },
          "border": Object {
            "active": "#9e1c23",
            "default": "#e1e4e8",
            "hover": "#b31d28",
          },
          "color": Object {
            "active": "#fff",
            "default": "#cb2431",
            "disabled": "rgba(203,36,49, .5)",
            "hover": "#fff",
          },
          "shadow": Object {
            "active": "inset 0px 2px 0px rgba(179, 29, 40, 0.4)",
            "default": "0px 1px 0px rgba(149, 157, 165, 0.1), inset 0px 2px 0px rgba(255, 255, 255, 0.25)",
            "focus": "0 0 0 3px rgba(203, 36, 49, 0.4)",
            "hover": "0px 1px 0px rgba(149, 157, 165, 0.1), inset 0px 2px 0px rgba(255, 255, 255, 0.03)",
          },
        },
        "default": Object {
          "bg": Object {
            "active": "#edeff2",
            "default": "#fafbfc",
            "disabled": "#fafbfc",
            "hover": "#F3F4F6",
          },
          "border": Object {
            "active": "#d1d5da",
            "default": "#e1e4e8",
            "disabled": "#eaecef",
          },
          "color": Object {
            "default": "#24292e",
            "disabled": "#959da5",
          },
          "shadow": Object {
            "active": "inset 0px 2px 0px rgba(149, 157, 165, 0.1)",
            "default": "0px 1px 0px rgba(149, 157, 165, 0.1), inset 0px 2px 0px rgba(255, 255, 255, 0.25)",
            "focus": "0 0 0 3px rgba(3, 102, 214, 0.3)",
            "hover": "0px 1px 0px rgba(209, 213, 218, 0.2), inset 0px 2px 0px rgba(255, 255, 255, 0.1)",
          },
        },
        "outline": Object {
          "bg": Object {
            "active": "#035fc7",
            "default": "#fafbfc",
            "disabled": "#F3F4F6",
            "hover": "#0366d6",
          },
          "border": Object {
            "active": "rgba(4, 66, 137, .5)",
            "default": "#e1e4e8",
            "hover": "#005cc5",
          },
          "color": Object {
            "active": "#fff",
            "default": "#005cc5",
            "disabled": "#959da5",
            "hover": "#fff",
          },
          "shadow": Object {
            "active": "inset 0px 1px 0px rgba(4, 66, 137, 0.2)",
            "default": "0px 1px 0px rgba(149, 157, 165, 0.1), inset 0px 2px 0px rgba(255, 255, 255, 0.25)",
            "focus": "0 0 0 3px rgba(3, 102, 214, 0.3)",
            "hover": "0px 1px 0px rgba(149, 157, 165, 0.1), inset 0px 2px 0px rgba(255, 255, 255, 0.03)",
          },
        },
        "primary": Object {
          "bg": Object {
            "active": "#128031",
            "default": "#159739",
            "disabled": "#94D3A2",
            "focus": "#138934",
            "hover": "#138934",
          },
          "border": Object {
            "active": "#176f2c",
            "default": "#22863a",
            "disabled": "rgba(34, 134, 58, 0.1)",
            "hover": "#176f2c",
          },
          "color": Object {
            "default": "#fff",
            "disabled": "rgba(255, 255, 255, 0.50)",
          },
          "shadow": Object {
            "active": "inset 0px 1px 0px rgba(20, 70, 32, 0.2)",
            "default": " 0px 1px 0px rgba(20, 70, 32, 0.1), inset 0px 2px 0px rgba(255, 255, 255, 0.03)",
            "focus": "0 0 0 3px #94D3A2",
          },
        },
      },
      "colors": Object {
        "accent": "#f66a0a",
        "bg": Object {
          "disabled": "#F3F4F6",
          "gray": "#f6f8fa",
          "grayLight": "#fafbfc",
        },
        "black": "#1b1f23",
        "blackfade15": "rgba(27, 31, 35, 0.15)",
        "blackfade20": "rgba(27, 31, 35, 0.20)",
        "blackfade30": "rgba(27,31,35,0.3)",
        "blackfade35": "rgba(27, 31, 35, 0.35)",
        "blackfade50": "rgba(27, 31, 35, 0.5)",
        "blue": Array [
          "#f1f8ff",
          "#dbedff",
          "#c8e1ff",
          "#79b8ff",
          "#2188ff",
          "#0366d6",
          "#005cc5",
          "#044289",
          "#032f62",
          "#05264c",
        ],
        "bodytext": "#24292e",
        "border": Object {
          "blackFade": "rgba(27,31,35,0.15)",
          "blue": "#0366d6",
          "blueLight": "#c8e1ff",
          "gray": "#e1e4e8",
          "grayDark": "#d1d5da",
          "grayDarker": "#444d56",
          "grayLight": "#eaecef",
          "green": "#34d058",
          "greenLight": "#a2cbac",
          "purple": "#6f42c1",
          "red": "#d73a49",
          "redLight": "#cea0a5",
          "white": "#fff",
          "whiteFade": "rgba(255,255,255,0.15)",
          "yellow": "#d9d0a5",
        },
        "counter": Object {
          "bg": "rgba(27, 31, 35, 0.08)",
        },
        "filterList": Object {
          "hoverBg": "#eaecef",
        },
        "gray": Array [
          "#fafbfc",
          "#f6f8fa",
          "#e1e4e8",
          "#d1d5da",
          "#959da5",
          "#6a737d",
          "#586069",
          "#444d56",
          "#2f363d",
          "#24292e",
        ],
        "green": Array [
          "#f0fff4",
          "#dcffe4",
          "#bef5cb",
          "#85e89d",
          "#34d058",
          "#28a745",
          "#22863a",
          "#176f2c",
          "#165c26",
          "#144620",
        ],
        "orange": Array [
          "#fff8f2",
          "#ffebda",
          "#ffd1ac",
          "#ffab70",
          "#fb8532",
          "#f66a0a",
          "#e36209",
          "#d15704",
          "#c24e00",
          "#a04100",
        ],
        "purple": Array [
          "#f5f0ff",
          "#e6dcfd",
          "#d1bcf9",
          "#b392f0",
          "#8a63d2",
          "#6f42c1",
          "#5a32a3",
          "#4c2889",
          "#3a1d6e",
          "#29134e",
        ],
        "red": Array [
          "#ffeef0",
          "#ffdce0",
          "#fdaeb7",
          "#f97583",
          "#ea4a5a",
          "#d73a49",
          "#cb2431",
          "#b31d28",
          "#9e1c23",
          "#86181d",
        ],
        "state": Object {
          "error": "#d73a49",
          "failure": "#d73a49",
          "pending": "#dbab09",
          "queued": "#dbab09",
          "success": "#28a745",
          "unknown": "#959da5",
        },
        "text": Object {
          "gray": "#586069",
          "grayDark": "#24292e",
          "grayLight": "#6a737d",
          "red": "#cb2431",
        },
        "white": "#fff",
        "whitefade15": "rgba(255, 255, 255, 0.15)",
        "whitefade50": "rgba(255, 255, 255, 0.50)",
        "yellow": Array [
          "#fffdef",
          "#fffbdd",
          "#fff5b1",
          "#ffea7f",
          "#ffdf5d",
          "#ffd33d",
          "#f9c513",
          "#dbab09",
          "#b08800",
          "#735c0f",
        ],
      },
      "fontSizes": Array [
        "12px",
        "14px",
        "16px",
        "20px",
        "24px",
        "32px",
        "40px",
        "48px",
      ],
      "fontWeights": Object {
        "bold": 600,
        "light": 300,
        "normal": 400,
        "semibold": 500,
      },
      "fonts": Object {
        "mono": "SFMono-Regular, Consolas, \\"Liberation Mono\\", Menlo, Courier, monospace",
        "normal": "-apple-system, BlinkMacSystemFont, \\"Segoe UI\\", Helvetica, Arial, sans-serif, \\"Apple Color Emoji\\", \\"Segoe UI Emoji\\"",
      },
      "lineHeights": Object {
        "condensed": 1.25,
        "condensedUltra": 1,
        "default": 1.5,
      },
      "pagination": Object {
        "borderRadius": "3px",
        "colors": Object {
          "disabled": Object {
            "bg": "#fafbfc",
            "border": "#e1e4e8",
            "fg": "#d1d5da",
          },
          "hover": Object {
            "bg": "#f6f8fa",
            "border": "#e1e4e8",
            "fg": "#0366d6",
          },
          "normal": Object {
            "bg": "#fff",
            "border": "#e1e4e8",
            "fg": "#0366d6",
          },
          "selected": Object {
            "bg": "#0366d6",
            "border": "#0366d6",
            "fg": "#fff",
          },
        },
        "fontSize": "13px",
        "fontWeight": 600,
      },
      "popovers": Object {
        "colors": Object {
          "caret": "rgba(27, 31, 35, 0.15)",
        },
      },
      "radii": Array [
        "0",
        "3px",
        "6px",
        "100px",
      ],
      "shadows": Object {
        "extra-large": "0 12px 48px rgba(149, 157, 165, 0.3)",
        "formControl": "inset 0px 2px 0px rgba(225, 228, 232, 0.2)",
        "formControlDisabled": "inset 0px 2px 0px rgba(220, 227, 237, 0.3)",
        "formControlFocus": "rgba(3, 102, 214, 0.3) 0px 0px 0px 0.2em",
        "large": "0 8px 24px rgba(149, 157, 165, 0.2)",
        "medium": "0 3px 6px rgba(149, 157, 165, 0.15)",
        "primaryActiveShadow": "inset 0px 1px 0px rgba(20, 70, 32, 0.2)",
        "primaryShadow": "0px 1px 0px rgba(20, 70, 32, 0.1), inset 0px 2px 0px rgba(255, 255, 255, 0.03)",
        "small": "0 1px 0 rgba(149, 157, 165, 0.1)",
      },
      "sizes": Object {
        "large": "1012px",
        "medium": "768px",
        "small": "544px",
        "xlarge": "1280px",
      },
      "space": Array [
        "0",
        "4px",
        "8px",
        "16px",
        "24px",
        "32px",
        "40px",
        "48px",
        "64px",
        "80px",
        "96px",
        "112px",
        "128px",
      ],
    }
  }
/>
`;
